---
source: crates/tplot/tests/e2e_table.rs
expression: strip_ansi(&out)
---
┌─────────┬────────┬────────────────────┐
│ quarter │ region │            revenue │
├─────────┼────────┼────────────────────┤
│ Q4      │ EMEA   │      72 ██████████ │
│ Q3      │ EMEA   │      55 ███████▋   │
│ Q4      │ NA     │      47 ██████▌    │
│ Q3      │ NA     │      46 ██████▍    │
│ Q2      │ NA     │      44 ██████▏    │
│ Q1      │ NA     │      42 █████▉     │
│ Q2      │ EMEA   │      38 █████▎     │
│ Q1      │ EMEA   │      28 ███▉       │
│ Q4      │ APAC   │      26 ███▋       │
│ Q3      │ APAC   │      25 ███▌       │
│ Q2      │ APAC   │      24 ███▍       │
│ Q1      │ APAC   │      22 ███        │
│ Q4      │ LATAM  │      21 ██▉        │
│ Q3      │ LATAM  │      20 ██▊        │
│ Q2      │ LATAM  │      19 ██▋        │
│ Q1      │ LATAM  │      18 ██▌        │
│ Q4      │ AU     │      15 ██▏        │
│ Q3      │ AU     │      14 ██         │
│ Q2      │ AU     │      13 █▊         │
│ Q1      │ AU     │      11 █▌         │
└─────────┴────────┴────────────────────┘

Q4 leads with 72 revenue.
