---
source: crates/tplot/tests/e2e_ridgeline.rs
expression: strip_ansi(&out)
---
                 ████                                                 
                 ████                                                 
                █████                                                 
                █████▄▄▄▄▄▄                                           
                █████████████▄▄                                       
               █████████████████▄                                     
             ▄▄███████████████████▄                                   
   jan       ███████████████████████▄                                 
            ▄████████████████████████▄                                
           ████████████████████████████                               
         ▄███████▀▀▀█████████████▀▀▀▀▀▀▀▄▄                            
        ▄███▀▀█████████████████████████████████████████▄▄▄▄           
        █▀████████████████████████████████████████████████████▄▄▄     
        ███████████████████████████████████████████████████████████▄▄ 
   feb  ██████████████████████████████████████████████████████████████
        ██████████████████████████████████████████████████████████████
        ██████████████████████████████████████████████████████████████
        ██████████████████████████████████████████████████████████████
        ██████████████████████████████████████████████████████████████
        ██████████████████████████████████████████████████████████████
   mar  ██████████████████████████████████████████████████████████████
        -12                                                        367

         mar has the widest spread — IQR 215 (range 5–350, total 345).
