---
source: crates/tplot/tests/e2e_sankey.rs
expression: strip_ansi(&out)
---
         ███████████████████████████▄▄                                          
         ███████████████████████████████▄▄                                      
         ███████████████████████████████████▄▄                                  
         █████████████████████████████████████████████████▄▄▄▄▄▄                
         ███████████████████████████████████████████████████████████████        
         ███████████████████████████████████████████████████████████████        
         ███████████████████████████████████████████████████████████████        
         ███████████████████████████████████████████████████████████████        
         ███████████████████████████████████████████████████████████████        
         ███████████████████████████████████████████████████████████████        
         ███████████████████████████████████████████████████████████████        
         ███████████████████████████████████████████████████████████████        
         ██████████████████████████▀████████████████████████████████████        
         ██████████████████████████████▀████████████████████████████████        
         ███▀▀▀▀▀▀▀▀▀▀▀▀▀▀▀▀▀▀▀▀▀▀▀██████▄█▀█████████████▀██████████████        
         ███████████████████████      ▀█████▄▄█▀▀▀▀▀▀▀▀▀▀████▄▄▄█▀▀▀▀▀▀▀        
         ███████████████████████         ▀▀█████████         ▀▀▀▀███████        
         ███████████████████████            ▀▀▀█████                            
         ███████████████████████                                                
         ███████████████████████                                                
         ███████████████████████                                                

 landing (10000)
 signup (7000)  →  bounce (3000)
 verified (6000)  →  abandoned (1000)
 active (5500)  →  inactive (500)

 landing → signup carries the largest flow — 7.0k (30% of total).
