---
source: crates/tplot/tests/e2e_bar.rs
expression: strip_ansi(&out)
---
   NA  ████████████████████████████████████████████████████████████       179
                                                                        
 EMEA  █████████████████████████████████████████████████████████████████  193
                                                                        
LATAM  ██████████████████████████                                         78
                                                                        
 APAC  █████████████████████████████████                                  97
                                                                        
   AU  ██████████████████                                                 53
                                                                        

       NA led with 179, the highest of 5 series.
