---
source: crates/tplot/tests/e2e_candlestick.rs
assertion_line: 64
expression: strip_ansi(&out)
---
  128                                                                           
                                                                         █      
                                                                █        █      
                                                             ███████  ███████   
                                                             ███████  ███████   
                                              █              ███████  ▀▀▀█▀▀▀   
                            ▄              ▄▄▄█▄▄▄  ▄▄▄█▄▄▄  ███████            
                            █        ▄     ███████  ███████  ███████            
                         ▄▄▄█▄▄▄  ▄▄▄█▄▄▄  ███████  ▀▀▀█▀▀▀  ▀▀▀▀▀▀▀            
                         ███████     █        █        █                        
  112     ▄        █     ███████     ▀        █                                 
          █        █     ███████              █                                 
       ███████  ███████  ███████              ▀                                 
       ███████  ███████  ███████                                                
       ███████  ███████  ███████                                                
       ███████  ▀▀▀█▀▀▀  ▀▀▀█▀▀▀                                                
       ███████     █                                                            
       ███████     █                                                            
       ███████     █                                                            
          █        ▀                                                            
   97                                                                           
         d1       d2       d3       d4       d5       d6       d7       d8
