---
source: crates/tplot/tests/e2e_treemap.rs
expression: strip_ansi(&out)
---
██████████████████████████████████████████████████████████████████████
██████████████████████████████████████████████████████████████████████
██████████████████████████████████████████████████████████████████████
██████████████████████████████████████████████████████████████████████
██████████████████████████████████████████████████████████████████████
██████████████████████████████████████████████████████████████████████
███████████████████████████████████████████████████████████████META███
██████████████████████████████████████████████████████████████████████
██████████████████████████████████████████████████████████████████████
██████████████████████████████████████████████████████████████████████
████████AAPL██████████████████████████████████████████████████████████
██████████████████████████████████████████████████████████████████████
██████████████████████████████████████████████████████████████████████
██████████████████████████████████████████████████████████████████████
██████████████████████████████████████████████████████████████████████
██████████████████████████████████████████████████████████████████████
██████████████████████████████████████████████████████████████████████
███████████████████████████████████████████████████████████████AMZN███
██████████████████████████████████████████████████████████████████████
██████████████████████████████████████████████████████████████████████
██████████████████████████████████████████████████████████████████████

 ■ AAPL (30)   · MSFT (22)   · GOOG (18)   · NVDA (15)   · META (9)   · AMZN (6)

AAPL led with 30, the highest of 6 series.
