---
source: crates/tplot/tests/e2e_boxplot.rs
expression: strip_ansi(&out)
---
  418                                                                           
                                             ▀█▀                                
                                              █                                 
                                              █                                 
                                              █                                 
                                              █                                 
                                              █                                 
                                              █                                 
                                              █                                 
                                              █                                 
  215                                      ▄▄▄█▄▄▄                              
                                           ███████                              
                                           ███████                              
                                           ███████                              
                                           ███████                              
                                           ███████                              
                                           ▀▀▀▀▀▀▀                              
                                           ███████                              
                                  ▄▄▄▄▄▄▄  ▀▀▀█▀▀▀                              
                                             ▄█▄                                
   12                                                                           
                                  /users   /orders

       Series have similar spread — no obvious outlier distribution.
