---
source: crates/tplot/tests/e2e_stacked_area.rs
expression: strip_ansi(&out)
---
   46                                                                        ▄▄█
                                                                         ▄▄█████
                                                                     ▄▄█████████
                                                                 ▄▄█████████████
                                                             ▄▄█████████████████
                                                         ▄▄█████████████████████
                                                     ▄▄█████████████████████████
                                                 ▄▄█████████████████████████████
                                             ▄▄█████████████████████████████████
                                        ▄▄▄█████████████████████████████████████
   23                           ▄▄▄▄████████████████████████████████████████████
                       ▄▄▄▄▄████████████████████████████████████████████████████
               ▄▄▄▄█████████████████████████████████████████████████████████████
       ▄▄▄▄█████████████████████████████████████████████████████████████████████
      ██████████████████████████████████████████████████████████████████████████
      ██████████████████████████████████████████████████████████████████████████
      ██████████████████████████████████████████████████████████████████████████
      ██████████████████████████████████████████████████████████████████████████
      ██████████████████████████████████████████████████████████████████████████
      ██████████████████████████████████████████████████████████████████████████
    0 ██████████████████████████████████████████████████████████████████████████
      1                                                                        3
       · NA   · EMEA

       Series contributed similar amounts — no clear leader.
